2026-03-12 09:00:00 INFO  job finished
2026-03-12 09:00:01 INFO  disk usage high
2026-03-12 09:00:02 ERROR disk usage high
2026-03-12 09:00:03 DEBUG disk usage high
2026-03-12 09:00:04 INFO  request served
2026-03-12 09:00:05 WARN  connection reset
2026-03-12 09:00:06 ERROR retry scheduled
2026-03-12 09:00:07 DEBUG cache miss
2026-03-12 09:00:08 DEBUG job finished
2026-03-12 09:00:09 INFO  request served
2026-03-12 09:00:10 ERROR cache miss
2026-03-12 09:00:11 WARN  cache miss
2026-03-12 09:00:12 INFO  disk usage high
2026-03-12 09:00:13 WARN  disk usage high
2026-03-12 09:00:14 WARN  retry scheduled
2026-03-12 09:00:15 WARN  connection reset
2026-03-12 09:00:16 ERROR request served
2026-03-12 09:00:17 INFO  cache miss
2026-03-12 09:00:18 WARN  cache miss
2026-03-12 09:00:19 INFO  disk usage high
2026-03-12 09:00:20 ERROR job finished
2026-03-12 09:00:21 INFO  connection reset
2026-03-12 09:00:22 INFO  job finished
2026-03-12 09:00:23 INFO  user login
2026-03-12 09:00:24 ERROR disk usage high
2026-03-12 09:00:25 INFO  retry scheduled
2026-03-12 09:00:26 ERROR user login
2026-03-12 09:00:27 WARN  request served
2026-03-12 09:00:28 ERROR disk usage high
2026-03-12 09:00:29 ERROR retry scheduled
2026-03-12 09:00:30 WARN  cache miss
2026-03-12 09:00:31 INFO  connection reset
2026-03-12 09:00:32 INFO  request served
2026-03-12 09:00:33 INFO  request served
2026-03-12 09:00:34 WARN  retry scheduled
2026-03-12 09:00:35 INFO  connection reset
2026-03-12 09:00:36 INFO  cache miss
2026-03-12 09:00:37 INFO  retry scheduled
2026-03-12 09:00:38 DEBUG retry scheduled
2026-03-12 09:00:39 INFO  retry scheduled
2026-03-12 09:00:40 ERROR user login
2026-03-12 09:00:41 INFO  retry scheduled
2026-03-12 09:00:42 ERROR request served
2026-03-12 09:00:43 INFO  cache miss
2026-03-12 09:00:44 INFO  retry scheduled
2026-03-12 09:00:45 DEBUG request served
2026-03-12 09:00:46 INFO  retry scheduled
2026-03-12 09:00:47 INFO  request served
2026-03-12 09:00:48 INFO  cache miss
2026-03-12 09:00:49 INFO  retry scheduled
2026-03-12 09:00:50 INFO  connection reset
2026-03-12 09:00:51 INFO  cache miss
2026-03-12 09:00:52 INFO  connection reset
2026-03-12 09:00:53 INFO  retry scheduled
2026-03-12 09:00:54 DEBUG user login
2026-03-12 09:00:55 ERROR disk usage high
2026-03-12 09:00:56 INFO  request served
2026-03-12 09:00:57 INFO  request served
2026-03-12 09:00:58 DEBUG user login
2026-03-12 09:00:59 INFO  job finished
2026-03-12 09:01:00 INFO  cache miss
2026-03-12 09:01:01 INFO  cache miss
2026-03-12 09:01:02 ERROR retry scheduled
2026-03-12 09:01:03 INFO  job finished
2026-03-12 09:01:04 INFO  cache miss
2026-03-12 09:01:05 INFO  request served
2026-03-12 09:01:06 INFO  connection reset
2026-03-12 09:01:07 ERROR user login
2026-03-12 09:01:08 INFO  cache miss
2026-03-12 09:01:09 INFO  connection reset
